   1               		.file	"main.c"
   2               	__SREG__ = 0x3f
   3               	__SP_H__ = 0x3e
   4               	__SP_L__ = 0x3d
   5               	__CCP__  = 0x34
   6               	__tmp_reg__ = 0
   7               	__zero_reg__ = 1
  15               	.Ltext0:
  16               	.global	main
  18               	main:
  19               	.LFB7:
  20               	.LM1:
  21 0000 1F93      		push r17
  22               	/* prologue: function */
  23               	/* frame size = 0 */
  24               	.LM2:
  25 0002 00D0      		rcall scenary_changer
  26 0004 182F      		mov r17,r24
  27               	.LM3:
  28 0006 00D0      		rcall animation
  29 0008 812F      		mov r24,r17
  30 000a 00D0      		rcall animation
  31 000c 812F      		mov r24,r17
  32 000e 00D0      		rcall animation
  33 0010 812F      		mov r24,r17
  34 0012 00D0      		rcall animation
  35 0014 812F      		mov r24,r17
  36 0016 00D0      		rcall animation
  37               	.LM4:
  38 0018 85B7      		in r24,85-32
  39 001a 877E      		andi r24,lo8(-25)
  40 001c 8061      		ori r24,lo8(16)
  41 001e 85BF      		out 85-32,r24
  42               	.LM5:
  43 0020 85B7      		in r24,85-32
  44 0022 8062      		ori r24,lo8(32)
  45 0024 85BF      		out 85-32,r24
  46               	.LM6:
  47               	/* #APP */
  48               	 ;  24 "main.c" 1
  49 0026 8895      		sleep
  50               		
  51               	 ;  0 "" 2
  52               	.LM7:
  53               	/* #NOAPP */
  54 0028 80E0      		ldi r24,lo8(0)
  55 002a 90E0      		ldi r25,hi8(0)
  56               	/* epilogue start */
  57 002c 1F91      		pop r17
  58 002e 0895      		ret
  59               	.LFE7:
  85               	.Letext0:
DEFINED SYMBOLS
                            *ABS*:00000000 main.c
C:\Users\Rustam\AppData\Local\Temp/ccHVFbOE.s:2      *ABS*:0000003f __SREG__
C:\Users\Rustam\AppData\Local\Temp/ccHVFbOE.s:3      *ABS*:0000003e __SP_H__
C:\Users\Rustam\AppData\Local\Temp/ccHVFbOE.s:4      *ABS*:0000003d __SP_L__
C:\Users\Rustam\AppData\Local\Temp/ccHVFbOE.s:5      *ABS*:00000034 __CCP__
C:\Users\Rustam\AppData\Local\Temp/ccHVFbOE.s:6      *ABS*:00000000 __tmp_reg__
C:\Users\Rustam\AppData\Local\Temp/ccHVFbOE.s:7      *ABS*:00000001 __zero_reg__
C:\Users\Rustam\AppData\Local\Temp/ccHVFbOE.s:18     .text:00000000 main

UNDEFINED SYMBOLS
scenary_changer
animation
